[web.archive.org/web/20130530032451/http_/www.nplay.com/index.html]
[archive.org/includes/athena.js]
[web.archive.org/_static/js/bundle-playback8db8.js]
[web.archive.org/_static/js/wombat9b8c.js]
[web.archive.org/_static/css/banner-styles52e6.css]
[web.archive.org/_static/js/ruffle/ruffle.js]
[backblue.gif]
[fade.gif]
[index.html]
[web.archive.org/_static/css/iconochive29a7.css]
[web.archive.org/_static/images/toolbar/wayback-toolbar-logo-200.png]
[web.archive.org/_static/images/toolbar/wm_tb_prv_on.png]
[web.archive.org/_static/images/toolbar/wm_tb_nxt_on.png]
[web.archive.org/_static/images/loading.gif]
[web.archive.org/web/20130530030821js_/http_/pagead2.googlesyndication.com/pagead/show_ads.js]
[web.archive.org/web/20130424122347im_/http_/www.nplay.com/public/admin/nplay_logo.png]
[web.archive.org/web/20130424124013im_/http_/www.nplay.com/images/screenshots/BeGone_FreeOnlineGame_0.jpg]
[web.archive.org/web/20130424133742im_/http_/www.nplay.com/images/screenshots/BeGone_FreeOnlineGame_1.jpg]
[web.archive.org/web/20130809004901im_/http_/www.nplay.com/images/screenshots/BeGone_FreeOnlineGame_2.jpg]
[web.archive.org/web/20130809050645im_/http_/www.nplay.com/images/screenshots/BeGone_FreeOnlineGame_3.jpg]
[web.archive.org/web/20130424110700im_/http_/www.nplay.com/images/screenshots/BeGone_FreeOnlineGame_4.jpg]
[web.archive.org/web/20130424094858im_/http_/www.nplay.com/images/screenshots/BeGone_FreeOnlineGame_5.jpg]
[web.archive.org/web/20130424133040im_/http_/www.nplay.com/images/screenshots/BeGone_FreeOnlineGame_6.jpg]
[web.archive.org/web/20130424122453im_/http_/www.nplay.com/images/screenshots/BeGone_FreeOnlineGame_7.jpg]
[web.archive.org/web/20130424135443im_/http_/www.nplay.com/images/screenshots/BeGone_FreeOnlineGame_8.jpg]
[web.archive.org/web/20130424120105im_/http_/www.nplay.com/images/screenshots/BeGone_FreeOnlineGame_9.jpg]
[web.archive.org/web/20130424102203im_/http_/www.nplay.com/images/BeGone_300x250.jpg]
[web.archive.org/web/20130424083756im_/http_/www.nplay.com/images/InvinciCar_Online_300x250.jpg]
[web.archive.org/web/20130503144324im_/http_/www.nplay.com/application/themes/nplay/images/gplus.png]
[web.archive.org/web/20130503144324im_/http_/www.nplay.com/application/themes/nplay/images/GoogleIcon_32.png]
[web.archive.org/web/20130503144324im_/http_/www.nplay.com/application/themes/nplay/images/twitter.png]
[web.archive.org/web/20130503144324im_/http_/www.nplay.com/application/themes/nplay/images/FacebookIcon_32.png]
[web.archive.org/web/20130530032451/http_/www.nplay.com/index.html]
[athena.archive.org/0.gif]
[archive.org/includes/athena.js]
[web.archive.org/_static/css/banner-styles52e6.css]
[web.archive.org/_static/css/iconochive29a7.css]
[web.archive.org/web/20130502181350js_/http_/www.nplay.com/externals/mootools/mootools-1.2.5-core-yc920c.js]
[web.archive.org/web/20130502181351js_/http_/www.nplay.com/externals/mootools/mootools-1.2.5.1-more-yc920c.js]
[web.archive.org/web/20130502181353js_/http_/www.nplay.com/externals/chootools/chootools920c.js]
[web.archive.org/web/20130502181353js_/http_/www.nplay.com/application/modules/Core/externals/scripts/core920c.js]
[web.archive.org/web/20130502181354js_/http_/www.nplay.com/application/modules/User/externals/scripts/core920c.js]
[web.archive.org/web/20130502181354js_/http_/www.nplay.com/externals/smoothbox/smoothbox4920c.js]
[web.archive.org/web/20130502181354js_/http_/www.nplay.com/application/modules/Activity/externals/scripts/core920c.js]
[web.archive.org/web/20130502181355js_/http_/www.nplay.com/application/modules/Hecore/externals/scripts/core920c.js]
[web.archive.org/web/20130502181355js_/http_/www.nplay.com/application/modules/Hecore/externals/scripts/imagezoom/core920c.js]
[web.archive.org/web/20130530032451/http_/www.nplay.com/BeGone/index.html]
[web.archive.org/web/20130503144324js_/http_/www.nplay.com/externals/viewer/_class.viewer.packed.js]
[web.archive.org/_static/css/record.css]
[web.archive.org/_static/css/record.css]
